---> Python Script Start 2025-09-20 12:34:19.600586
---> initial data set up
---> the parameters
---> doing 2023-01-03
    Selected bonds: ['SAGB_00_25 Bond', 'SAGB_02_00 Bond', 'SAGB_04_00 Bond', 'SAGB_05_00 Bond', 'SAGB_07_00 Bond', 'SAGB_10_00 Bond', 'SAGB_12_00 Bond', 'SAGB_15_00 Bond']
    Stability scores: [0.9608, -0.2598, -1.1799, -1.8612, -2.7969, -3.7052, -4.1806, -4.3167]
    Sharpe ratios: [1.1553, 0.177, 0.126, 0.1069, 0.0836, 0.0647, 0.0577, 0.0489]
    Volatilities: [0.0235, 0.1644, 0.2586, 0.3103, 0.4077, 0.5203, 0.575, 0.6408]
    Initial portfolio duration: 3.4359
    ALBI duration: 6.0700
    Duration difference: 2.6341
    Active MD limit: 1.2
    Duration constraint violated, running optimization...
    Duration constraint applied - optimization success: True
    Selected bond weights: ['0.000', '0.000', '0.057', '0.143', '0.200', '0.200', '0.200', '0.200']
    Original custom weights: ['0.200', '0.200', '0.150', '0.150', '0.100', '0.100', '0.050', '0.050']
    Normalized weights used: ['0.200', '0.200', '0.150', '0.150', '0.100', '0.100', '0.050', '0.050']
    Total weight: 1.0000
    Selected bonds total: 1.0000
    Portfolio duration: 5.9693
    ALBI duration: 6.0700
---> doing 2023-01-04
    Selected bonds: ['SAGB_00_25 Bond', 'SAGB_02_00 Bond', 'SAGB_04_00 Bond', 'SAGB_05_00 Bond', 'SAGB_07_00 Bond', 'SAGB_10_00 Bond', 'SAGB_12_00 Bond', 'SAGB_15_00 Bond']
    Stability scores: [0.9606, -0.2598, -1.1797, -1.8611, -2.7968, -3.7051, -4.1805, -4.3165]
    Sharpe ratios: [1.1549, 0.177, 0.1264, 0.1072, 0.0839, 0.0649, 0.058, 0.0491]
    Volatilities: [0.0236, 0.1644, 0.2587, 0.3104, 0.4078, 0.5203, 0.5751, 0.6409]
    Initial portfolio duration: 3.4442
    ALBI duration: 6.0800
    Duration difference: 2.6358
    Active MD limit: 1.2
    Duration constraint violated, running optimization...
    Duration constraint applied - optimization success: True
    Selected bond weights: ['0.000', '0.000', '0.057', '0.143', '0.200', '0.200', '0.200', '0.200']
    Original custom weights: ['0.200', '0.200', '0.150', '0.150', '0.100', '0.100', '0.050', '0.050']
    Normalized weights used: ['0.200', '0.200', '0.150', '0.150', '0.100', '0.100', '0.050', '0.050']
    Total weight: 1.0000
    Selected bonds total: 1.0000
    Portfolio duration: 5.9893
    ALBI duration: 6.0800
---> doing 2023-01-05
    Selected bonds: ['SAGB_00_25 Bond', 'SAGB_02_00 Bond', 'SAGB_04_00 Bond', 'SAGB_05_00 Bond', 'SAGB_07_00 Bond', 'SAGB_10_00 Bond', 'SAGB_12_00 Bond', 'SAGB_15_00 Bond']
    Stability scores: [0.9606, -0.2597, -1.1796, -1.861, -2.7967, -3.705, -4.1804, -4.3165]
    Sharpe ratios: [1.1549, 0.1772, 0.1267, 0.1075, 0.0841, 0.0651, 0.0581, 0.0492]
    Volatilities: [0.0236, 0.1644, 0.2587, 0.3104, 0.4077, 0.5203, 0.575, 0.6408]
    Initial portfolio duration: 3.4497
    ALBI duration: 6.0900
    Duration difference: 2.6403
    Active MD limit: 1.2
    Duration constraint violated, running optimization...
    Duration constraint applied - optimization success: True
    Selected bond weights: ['0.000', '0.000', '0.061', '0.139', '0.200', '0.200', '0.200', '0.200']
    Original custom weights: ['0.200', '0.200', '0.150', '0.150', '0.100', '0.100', '0.050', '0.050']
    Normalized weights used: ['0.200', '0.200', '0.150', '0.150', '0.100', '0.100', '0.050', '0.050']
    Total weight: 1.0000
    Selected bonds total: 1.0000
    Portfolio duration: 5.9975
    ALBI duration: 6.0900
---> doing 2023-01-06
    Selected bonds: ['SAGB_00_25 Bond', 'SAGB_02_00 Bond', 'SAGB_04_00 Bond', 'SAGB_05_00 Bond', 'SAGB_07_00 Bond', 'SAGB_10_00 Bond', 'SAGB_12_00 Bond', 'SAGB_15_00 Bond']
    Stability scores: [0.9607, -0.2597, -1.1797, -1.861, -2.7968, -3.705, -4.1805, -4.3164]
    Sharpe ratios: [1.155, 0.1772, 0.1266, 0.1074, 0.084, 0.0651, 0.0581, 0.0492]
    Volatilities: [0.0236, 0.1643, 0.2587, 0.3104, 0.4077, 0.5202, 0.5749, 0.6407]
    Initial portfolio duration: 3.4484
    ALBI duration: 6.0800
    Duration difference: 2.6316
    Active MD limit: 1.2
    Duration constraint violated, running optimization...
    Duration constraint applied - optimization success: True
    Selected bond weights: ['0.000', '0.012', '0.099', '0.141', '0.163', '0.200', '0.192', '0.194']
    Original custom weights: ['0.200', '0.200', '0.150', '0.150', '0.100', '0.100', '0.050', '0.050']
    Normalized weights used: ['0.200', '0.200', '0.150', '0.150', '0.100', '0.100', '0.050', '0.050']
    Total weight: 1.0000
    Selected bonds total: 1.0000
    Portfolio duration: 5.8585
    ALBI duration: 6.0800
---> doing 2023-01-09
    Selected bonds: ['SAGB_00_25 Bond', 'SAGB_02_00 Bond', 'SAGB_04_00 Bond', 'SAGB_05_00 Bond', 'SAGB_07_00 Bond', 'SAGB_10_00 Bond', 'SAGB_12_00 Bond', 'SAGB_15_00 Bond']
    Stability scores: [0.9607, -0.2598, -1.1796, -1.8609, -2.7967, -3.705, -4.1804, -4.3164]
    Sharpe ratios: [1.1552, 0.1769, 0.1269, 0.1076, 0.0841, 0.0652, 0.0582, 0.0493]
    Volatilities: [0.0236, 0.1643, 0.2587, 0.3104, 0.4077, 0.5202, 0.5749, 0.6407]
    Initial portfolio duration: 3.4527
    ALBI duration: 6.0900
    Duration difference: 2.6373
    Active MD limit: 1.2
    Duration constraint violated, running optimization...
    Duration constraint applied - optimization success: True
    Selected bond weights: ['0.000', '0.000', '0.095', '0.146', '0.160', '0.200', '0.200', '0.200']
    Original custom weights: ['0.200', '0.200', '0.150', '0.150', '0.100', '0.100', '0.050', '0.050']
    Normalized weights used: ['0.200', '0.200', '0.150', '0.150', '0.100', '0.100', '0.050', '0.050']
    Total weight: 1.0000
    Selected bonds total: 1.0000
    Portfolio duration: 5.9390
    ALBI duration: 6.0900
---> doing 2023-01-10
    Selected bonds: ['SAGB_00_25 Bond', 'SAGB_02_00 Bond', 'SAGB_04_00 Bond', 'SAGB_05_00 Bond', 'SAGB_07_00 Bond', 'SAGB_10_00 Bond', 'SAGB_12_00 Bond', 'SAGB_15_00 Bond']
    Stability scores: [0.9608, -0.2597, -1.1794, -1.8608, -2.7965, -3.7048, -4.1802, -4.3162]
    Sharpe ratios: [1.1555, 0.1772, 0.1275, 0.1082, 0.0847, 0.0657, 0.0587, 0.0499]
    Volatilities: [0.0236, 0.1643, 0.2589, 0.3106, 0.408, 0.5206, 0.5753, 0.6411]
    Initial portfolio duration: 3.4733
    ALBI duration: 6.1400
    Duration difference: 2.6667
    Active MD limit: 1.2
    Duration constraint violated, running optimization...
    Duration constraint applied - optimization success: True
    Selected bond weights: ['0.000', '0.000', '0.031', '0.169', '0.200', '0.200', '0.200', '0.200']
    Original custom weights: ['0.200', '0.200', '0.150', '0.150', '0.100', '0.100', '0.050', '0.050']
    Normalized weights used: ['0.200', '0.200', '0.150', '0.150', '0.100', '0.100', '0.050', '0.050']
    Total weight: 1.0000
    Selected bonds total: 1.0000
    Portfolio duration: 6.0749
    ALBI duration: 6.1400
---> doing 2023-01-11
    Selected bonds: ['SAGB_00_25 Bond', 'SAGB_02_00 Bond', 'SAGB_04_00 Bond', 'SAGB_05_00 Bond', 'SAGB_07_00 Bond', 'SAGB_10_00 Bond', 'SAGB_12_00 Bond', 'SAGB_15_00 Bond']
    Stability scores: [0.9608, -0.2598, -1.1795, -1.8609, -2.7967, -3.7049, -4.1804, -4.3163]
    Sharpe ratios: [1.1555, 0.1771, 0.1271, 0.1079, 0.0844, 0.0654, 0.0585, 0.0496]
    Volatilities: [0.0236, 0.1643, 0.2589, 0.3107, 0.408, 0.5206, 0.5753, 0.6412]
    Initial portfolio duration: 3.4633
    ALBI duration: 6.1100
    Duration difference: 2.6467
    Active MD limit: 1.2
    Duration constraint violated, running optimization...
    Duration constraint applied - optimization success: True
    Selected bond weights: ['0.000', '0.000', '0.047', '0.153', '0.200', '0.200', '0.200', '0.200']
    Original custom weights: ['0.200', '0.200', '0.150', '0.150', '0.100', '0.100', '0.050', '0.050']
    Normalized weights used: ['0.200', '0.200', '0.150', '0.150', '0.100', '0.100', '0.050', '0.050']
    Total weight: 1.0000
    Selected bonds total: 1.0000
    Portfolio duration: 6.0397
    ALBI duration: 6.1100
---> doing 2023-01-12
    Selected bonds: ['SAGB_00_25 Bond', 'SAGB_02_00 Bond', 'SAGB_04_00 Bond', 'SAGB_05_00 Bond', 'SAGB_07_00 Bond', 'SAGB_10_00 Bond', 'SAGB_12_00 Bond', 'SAGB_15_00 Bond']
    Stability scores: [0.9608, -0.2597, -1.1795, -1.8608, -2.7966, -3.7049, -4.1803, -4.3163]
    Sharpe ratios: [1.1555, 0.1771, 0.1272, 0.1079, 0.0844, 0.0655, 0.0585, 0.0497]
    Volatilities: [0.0236, 0.1643, 0.2589, 0.3106, 0.408, 0.5206, 0.5753, 0.6411]
    Initial portfolio duration: 3.4649
    ALBI duration: 6.1200
    Duration difference: 2.6551
    Active MD limit: 1.2
    Duration constraint violated, running optimization...
    Duration constraint applied - optimization success: True
    Selected bond weights: ['0.000', '0.000', '0.047', '0.153', '0.200', '0.200', '0.200', '0.200']
    Original custom weights: ['0.200', '0.200', '0.150', '0.150', '0.100', '0.100', '0.050', '0.050']
    Normalized weights used: ['0.200', '0.200', '0.150', '0.150', '0.100', '0.100', '0.050', '0.050']
    Total weight: 1.0000
    Selected bonds total: 1.0000
    Portfolio duration: 6.0447
    ALBI duration: 6.1200
---> doing 2023-01-13
    Selected bonds: ['SAGB_00_25 Bond', 'SAGB_02_00 Bond', 'SAGB_04_00 Bond', 'SAGB_05_00 Bond', 'SAGB_07_00 Bond', 'SAGB_10_00 Bond', 'SAGB_12_00 Bond', 'SAGB_15_00 Bond']
    Stability scores: [0.9608, -0.2597, -1.1794, -1.8607, -2.7965, -3.7048, -4.1802, -4.3161]
    Sharpe ratios: [1.1556, 0.1773, 0.1276, 0.1083, 0.0847, 0.0658, 0.0588, 0.05]
    Volatilities: [0.0236, 0.1643, 0.259, 0.3107, 0.408, 0.5206, 0.5753, 0.6412]
    Initial portfolio duration: 3.4766
    ALBI duration: 6.1500
    Duration difference: 2.6734
    Active MD limit: 1.2
    Duration constraint violated, running optimization...
    Duration constraint applied - optimization success: True
    Selected bond weights: ['0.000', '0.000', '0.025', '0.175', '0.200', '0.200', '0.200', '0.200']
    Original custom weights: ['0.200', '0.200', '0.150', '0.150', '0.100', '0.100', '0.050', '0.050']
    Normalized weights used: ['0.200', '0.200', '0.150', '0.150', '0.100', '0.100', '0.050', '0.050']
    Total weight: 1.0000
    Selected bonds total: 1.0000
    Portfolio duration: 6.0870
    ALBI duration: 6.1500
---> doing 2023-01-16
    Selected bonds: ['SAGB_00_25 Bond', 'SAGB_02_00 Bond', 'SAGB_04_00 Bond', 'SAGB_05_00 Bond', 'SAGB_07_00 Bond', 'SAGB_10_00 Bond', 'SAGB_12_00 Bond', 'SAGB_15_00 Bond']
    Stability scores: [0.9609, -0.2597, -1.1795, -1.8608, -2.7965, -3.7048, -4.1803, -4.3162]
    Sharpe ratios: [1.1557, 0.1772, 0.1274, 0.1082, 0.0846, 0.0657, 0.0587, 0.0499]
    Volatilities: [0.0235, 0.1643, 0.259, 0.3107, 0.408, 0.5206, 0.5753, 0.6412]
    Initial portfolio duration: 3.4722
    ALBI duration: 6.1200
    Duration difference: 2.6478
    Active MD limit: 1.2
    Duration constraint violated, running optimization...
    Duration constraint applied - optimization success: True
    Selected bond weights: ['0.000', '0.000', '0.024', '0.176', '0.200', '0.200', '0.200', '0.200']
    Original custom weights: ['0.200', '0.200', '0.150', '0.150', '0.100', '0.100', '0.050', '0.050']
    Normalized weights used: ['0.200', '0.200', '0.150', '0.150', '0.100', '0.100', '0.050', '0.050']
    Total weight: 1.0000
    Selected bonds total: 1.0000
    Portfolio duration: 6.0757
    ALBI duration: 6.1200
---> doing 2023-01-17
    Selected bonds: ['SAGB_00_25 Bond', 'SAGB_02_00 Bond', 'SAGB_04_00 Bond', 'SAGB_05_00 Bond', 'SAGB_07_00 Bond', 'SAGB_10_00 Bond', 'SAGB_12_00 Bond', 'SAGB_15_00 Bond']
    Stability scores: [0.9609, -0.2597, -1.1795, -1.8609, -2.7966, -3.7049, -4.1804, -4.3164]
    Sharpe ratios: [1.1558, 0.1773, 0.1273, 0.108, 0.0844, 0.0654, 0.0583, 0.0495]
    Volatilities: [0.0236, 0.1643, 0.259, 0.3107, 0.408, 0.5206, 0.5754, 0.6413]
    Initial portfolio duration: 3.4626
    ALBI duration: 6.0800
    Duration difference: 2.6174
    Active MD limit: 1.2
    Duration constraint violated, running optimization...
    Duration constraint applied - optimization success: True
    Selected bond weights: ['0.000', '0.000', '0.045', '0.155', '0.200', '0.200', '0.200', '0.200']
    Original custom weights: ['0.200', '0.200', '0.150', '0.150', '0.100', '0.100', '0.050', '0.050']
    Normalized weights used: ['0.200', '0.200', '0.150', '0.150', '0.100', '0.100', '0.050', '0.050']
    Total weight: 1.0000
    Selected bonds total: 1.0000
    Portfolio duration: 6.0348
    ALBI duration: 6.0800
---> doing 2023-01-18
    Selected bonds: ['SAGB_00_25 Bond', 'SAGB_02_00 Bond', 'SAGB_04_00 Bond', 'SAGB_05_00 Bond', 'SAGB_07_00 Bond', 'SAGB_10_00 Bond', 'SAGB_12_00 Bond', 'SAGB_15_00 Bond']
    Stability scores: [0.9609, -0.2597, -1.1796, -1.8609, -2.7967, -3.705, -4.1805, -4.3164]
    Sharpe ratios: [1.1559, 0.1772, 0.1272, 0.1079, 0.0844, 0.0654, 0.0583, 0.0495]
    Volatilities: [0.0236, 0.1643, 0.2589, 0.3106, 0.4079, 0.5206, 0.5753, 0.6412]
    Initial portfolio duration: 3.4605
    ALBI duration: 6.0700
    Duration difference: 2.6095
    Active MD limit: 1.2
    Duration constraint violated, running optimization...
    Duration constraint applied - optimization success: True
    Selected bond weights: ['0.000', '0.000', '0.077', '0.148', '0.175', '0.200', '0.200', '0.200']
    Original custom weights: ['0.200', '0.200', '0.150', '0.150', '0.100', '0.100', '0.050', '0.050']
    Normalized weights used: ['0.200', '0.200', '0.150', '0.150', '0.100', '0.100', '0.050', '0.050']
    Total weight: 1.0000
    Selected bonds total: 1.0000
    Portfolio duration: 5.9819
    ALBI duration: 6.0700
---> doing 2023-01-19
    Selected bonds: ['SAGB_00_25 Bond', 'SAGB_02_00 Bond', 'SAGB_04_00 Bond', 'SAGB_05_00 Bond', 'SAGB_07_00 Bond', 'SAGB_10_00 Bond', 'SAGB_12_00 Bond', 'SAGB_15_00 Bond']
    Stability scores: [0.961, -0.2596, -1.1794, -1.8608, -2.7965, -3.7048, -4.1803, -4.3163]
    Sharpe ratios: [1.156, 0.1774, 0.1277, 0.1085, 0.085, 0.0659, 0.0588, 0.0499]
    Volatilities: [0.0235, 0.1642, 0.2591, 0.3109, 0.4082, 0.5208, 0.5756, 0.6414]
    Initial portfolio duration: 3.4793
    ALBI duration: 6.1100
    Duration difference: 2.6307
    Active MD limit: 1.2
    Duration constraint violated, running optimization...
    Duration constraint applied - optimization success: True
    Selected bond weights: ['0.000', '0.000', '0.039', '0.161', '0.200', '0.200', '0.200', '0.200']
    Original custom weights: ['0.200', '0.200', '0.150', '0.150', '0.100', '0.100', '0.050', '0.050']
    Normalized weights used: ['0.200', '0.200', '0.150', '0.150', '0.100', '0.100', '0.050', '0.050']
    Total weight: 1.0000
    Selected bonds total: 1.0000
    Portfolio duration: 6.0793
    ALBI duration: 6.1100
---> doing 2023-01-20
    Selected bonds: ['SAGB_00_25 Bond', 'SAGB_02_00 Bond', 'SAGB_04_00 Bond', 'SAGB_05_00 Bond', 'SAGB_07_00 Bond', 'SAGB_10_00 Bond', 'SAGB_12_00 Bond', 'SAGB_15_00 Bond']
    Stability scores: [0.961, -0.2597, -1.1795, -1.8609, -2.7966, -3.7049, -4.1804, -4.3164]
    Sharpe ratios: [1.156, 0.1773, 0.1274, 0.1082, 0.0847, 0.0657, 0.0585, 0.0496]
    Volatilities: [0.0235, 0.1642, 0.2591, 0.3109, 0.4082, 0.5208, 0.5756, 0.6415]
    Initial portfolio duration: 3.4713
    ALBI duration: 6.0700
    Duration difference: 2.5987
    Active MD limit: 1.2
    Duration constraint violated, running optimization...
    Duration constraint applied - optimization success: True
    Selected bond weights: ['0.000', '0.000', '0.041', '0.159', '0.200', '0.200', '0.200', '0.200']
    Original custom weights: ['0.200', '0.200', '0.150', '0.150', '0.100', '0.100', '0.050', '0.050']
    Normalized weights used: ['0.200', '0.200', '0.150', '0.150', '0.100', '0.100', '0.050', '0.050']
    Total weight: 1.0000
    Selected bonds total: 1.0000
    Portfolio duration: 6.0575
    ALBI duration: 6.0700
---> doing 2023-01-23
    Selected bonds: ['SAGB_00_25 Bond', 'SAGB_02_00 Bond', 'SAGB_04_00 Bond', 'SAGB_05_00 Bond', 'SAGB_07_00 Bond', 'SAGB_10_00 Bond', 'SAGB_12_00 Bond', 'SAGB_15_00 Bond']
    Stability scores: [0.961, -0.2596, -1.1796, -1.8609, -2.7967, -3.705, -4.1805, -4.3164]
    Sharpe ratios: [1.1562, 0.1777, 0.1272, 0.1081, 0.0847, 0.0655, 0.0585, 0.0496]
    Volatilities: [0.0235, 0.1643, 0.2591, 0.3109, 0.4082, 0.5208, 0.5756, 0.6414]
    Initial portfolio duration: 3.4680
    ALBI duration: 6.0600
    Duration difference: 2.5920
    Active MD limit: 1.2
    Duration constraint violated, running optimization...
    Duration constraint applied - optimization success: True
    Selected bond weights: ['0.000', '0.000', '0.045', '0.155', '0.200', '0.200', '0.200', '0.200']
    Original custom weights: ['0.200', '0.200', '0.150', '0.150', '0.100', '0.100', '0.050', '0.050']
    Normalized weights used: ['0.200', '0.200', '0.150', '0.150', '0.100', '0.100', '0.050', '0.050']
    Total weight: 1.0000
    Selected bonds total: 1.0000
    Portfolio duration: 6.0466
    ALBI duration: 6.0600
---> doing 2023-01-24
    Selected bonds: ['SAGB_00_25 Bond', 'SAGB_02_00 Bond', 'SAGB_04_00 Bond', 'SAGB_05_00 Bond', 'SAGB_07_00 Bond', 'SAGB_10_00 Bond', 'SAGB_12_00 Bond', 'SAGB_15_00 Bond']
    Stability scores: [0.9611, -0.2595, -1.1797, -1.861, -2.7967, -3.705, -4.1805, -4.3165]
    Sharpe ratios: [1.1563, 0.1778, 0.1272, 0.108, 0.0846, 0.0655, 0.0584, 0.0495]
    Volatilities: [0.0235, 0.1643, 0.2591, 0.3109, 0.4082, 0.5207, 0.5755, 0.6414]
    Initial portfolio duration: 3.4651
    ALBI duration: 6.0500
    Duration difference: 2.5849
    Active MD limit: 1.2
    Duration constraint violated, running optimization...
    Duration constraint applied - optimization success: True
    Selected bond weights: ['0.000', '0.107', '0.159', '0.200', '0.200', '0.200', '0.134', '0.000']
    Original custom weights: ['0.200', '0.200', '0.150', '0.150', '0.100', '0.100', '0.050', '0.050']
    Normalized weights used: ['0.200', '0.200', '0.150', '0.150', '0.100', '0.100', '0.050', '0.050']
    Total weight: 1.0000
    Selected bonds total: 1.0000
    Portfolio duration: 4.8500
    ALBI duration: 6.0500
---> doing 2023-01-25
    Selected bonds: ['SAGB_00_25 Bond', 'SAGB_02_00 Bond', 'SAGB_04_00 Bond', 'SAGB_05_00 Bond', 'SAGB_07_00 Bond', 'SAGB_10_00 Bond', 'SAGB_12_00 Bond', 'SAGB_15_00 Bond']
    Stability scores: [0.9611, -0.2595, -1.1796, -1.8609, -2.7967, -3.7049, -4.1804, -4.3164]
    Sharpe ratios: [1.1564, 0.1778, 0.1274, 0.1082, 0.0847, 0.0657, 0.0586, 0.0497]
    Volatilities: [0.0235, 0.1643, 0.2591, 0.3108, 0.4081, 0.5207, 0.5755, 0.6413]
    Initial portfolio duration: 3.4705
    ALBI duration: 6.0600
    Duration difference: 2.5895
    Active MD limit: 1.2
    Duration constraint violated, running optimization...
Traceback (most recent call last):
  File "/mnt/c/Users/Inhle/OneDrive - University of Cape Town/2025/PIM- team KUT/PIM-KUTLAM-2025/solution.py", line 218, in <module>
    result = minimize(objective_stable, optimal_weights, args=(df_train_bonds_current['signal'], prev_weights, turnover_lambda), bounds=bounds, constraints=constraints)
             ^^^^^^^^^^^^^^^^^^^^^^^^^^^^^^^^^^^^^^^^^^^^^^^^^^^^^^^^^^^^^^^^^^^^^^^^^^^^^^^^^^^^^^^^^^^^^^^^^^^^^^^^^^^^^^^^^^^^^^^^^^^^^^^^^^^^^^^^^^^^^^^^^^^^^^^^^^^
  File "/usr/lib/python3/dist-packages/scipy/optimize/_minimize.py", line 719, in minimize
    res = _minimize_slsqp(fun, x0, args, jac, bounds,
          ^^^^^^^^^^^^^^^^^^^^^^^^^^^^^^^^^^^^^^^^^^^
  File "/usr/lib/python3/dist-packages/scipy/optimize/_slsqp_py.py", line 433, in _minimize_slsqp
    a = _eval_con_normals(x, cons, la, n, m, meq, mieq)
        ^^^^^^^^^^^^^^^^^^^^^^^^^^^^^^^^^^^^^^^^^^^^^^^
  File "/usr/lib/python3/dist-packages/scipy/optimize/_slsqp_py.py", line 492, in _eval_con_normals
    a_ieq = vstack([con['jac'](x, *con['args'])
                    ^^^^^^^^^^^^^^^^^^^^^^^^^^^
  File "/usr/lib/python3/dist-packages/scipy/optimize/_slsqp_py.py", line 301, in cjac
    return approx_derivative(fun, x, method='2-point',
           ^^^^^^^^^^^^^^^^^^^^^^^^^^^^^^^^^^^^^^^^^^^
  File "/usr/lib/python3/dist-packages/scipy/optimize/_numdiff.py", line 505, in approx_derivative
    return _dense_difference(fun_wrapped, x0, f0, h,
           ^^^^^^^^^^^^^^^^^^^^^^^^^^^^^^^^^^^^^^^^^
  File "/usr/lib/python3/dist-packages/scipy/optimize/_numdiff.py", line 576, in _dense_difference
    df = fun(x) - f0
         ^^^^^^
  File "/usr/lib/python3/dist-packages/scipy/optimize/_numdiff.py", line 456, in fun_wrapped
    f = np.atleast_1d(fun(x, *args, **kwargs))
                      ^^^^^^^^^^^^^^^^^^^^^^^
  File "/mnt/c/Users/Inhle/OneDrive - University of Cape Town/2025/PIM- team KUT/PIM-KUTLAM-2025/solution.py", line 199, in <lambda>
    {'type': 'ineq', 'fun': lambda w: duration_constraint(w, df_train_bonds_current['modified_duration'])[1]}
                                      ^^^^^^^^^^^^^^^^^^^^^^^^^^^^^^^^^^^^^^^^^^^^^^^^^^^^^^^^^^^^^^^^^^^
  File "/mnt/c/Users/Inhle/OneDrive - University of Cape Town/2025/PIM- team KUT/PIM-KUTLAM-2025/solution.py", line 152, in duration_constraint
    return [100*(port_duration - (p_albi_md - p_active_md)), 100*((p_albi_md + p_active_md) - port_duration)]
            ~~~^^~~~~~~~~~~~~~~~~~~~~~~~~~~~~~~~~~~~~~~~~~~
  File "/home/inhle/.local/lib/python3.12/site-packages/pandas/core/ops/common.py", line 76, in new_method
    return method(self, other)
           ^^^^^^^^^^^^^^^^^^^
  File "/home/inhle/.local/lib/python3.12/site-packages/pandas/core/arraylike.py", line 206, in __rmul__
    return self._arith_method(other, roperator.rmul)
           ^^^^^^^^^^^^^^^^^^^^^^^^^^^^^^^^^^^^^^^^^
  File "/home/inhle/.local/lib/python3.12/site-packages/pandas/core/series.py", line 6135, in _arith_method
    return base.IndexOpsMixin._arith_method(self, other, op)
           ^^^^^^^^^^^^^^^^^^^^^^^^^^^^^^^^^^^^^^^^^^^^^^^^^
  File "/home/inhle/.local/lib/python3.12/site-packages/pandas/core/base.py", line 1384, in _arith_method
    return self._construct_result(result, name=res_name)
           ^^^^^^^^^^^^^^^^^^^^^^^^^^^^^^^^^^^^^^^^^^^^^
  File "/home/inhle/.local/lib/python3.12/site-packages/pandas/core/series.py", line 6236, in _construct_result
    out.name = name
    ^^^^^^^^
  File "/home/inhle/.local/lib/python3.12/site-packages/pandas/core/generic.py", line 6313, in __setattr__
    return object.__setattr__(self, name, value)
           ^^^^^^^^^^^^^^^^^^^^^^^^^^^^^^^^^^^^^
  File "/home/inhle/.local/lib/python3.12/site-packages/pandas/core/series.py", line 787, in name
    object.__setattr__(self, "_name", value)
KeyboardInterrupt
